// Jest Snapshot v1, https://goo.gl/fbAQLP

exports[`AddRecommended.test.js renders 1`] = `
<div
  id="addShowPortal"
>
  <app-link-stub
    class="btn-medusa btn-large"
    href="addShows/trendingShows/?traktList=anticipated"
    id="btnNewShow"
    placeholder="indexer-to-name"
  >
    <div
      class="button"
    >
      <div
        class="add-list-icon-addtrakt"
      />
    </div>
     
    <div
      class="buttontext"
    >
      <h3>
        Add From Trakt Lists
      </h3>
       
      <p>
        For shows that you haven't downloaded yet, this option lets you choose from a show from one of the Trakt lists to add to Medusa .
      </p>
    </div>
  </app-link-stub>
   
  <app-link-stub
    class="btn-medusa btn-large"
    href="addShows/popularShows/"
    id="btnNewShow"
    placeholder="indexer-to-name"
  >
    <div
      class="button"
    >
      <div
        class="add-list-icon-addimdb"
      />
    </div>
     
    <div
      class="buttontext"
    >
      <h3>
        Add From IMDB's Popular Shows
      </h3>
       
      <p>
        View IMDB's list of the most popular shows. This feature uses IMDB's MOVIEMeter algorithm to identify popular TV Shows.
      </p>
    </div>
  </app-link-stub>
   
  <app-link-stub
    class="btn-medusa btn-large"
    href="addShows/popularAnime/"
    id="btnNewShow"
    placeholder="indexer-to-name"
  >
    <div
      class="button"
    >
      <div
        class="add-list-icon-addanime"
      />
    </div>
     
    <div
      class="buttontext"
    >
      <h3>
        Add From Anidb's Hot Anime list
      </h3>
       
      <p>
        View Anidb's list of the most popular anime shows. Anidb provides lists for Popular Anime, using the "Hot Anime" list.
      </p>
    </div>
  </app-link-stub>
</div>
`;
