// Jest Snapshot v1, https://goo.gl/fbAQLP

exports[`ConfigTextbox.test.js renders 1`] = `
<div
  id="config-textbox"
>
  <div
    class="form-group"
  >
    <div
      class="row"
    >
      <div
        class="col-sm-2"
      >
        <label
          class="control-label"
          for="test-id"
        >
          <span>
            test-label
          </span>
        </label>
      </div>
       
      <div
        class="col-sm-10 content"
      >
        <div
          class="parent form-control input-sm max-input350"
        >
          <input
            id="test-id"
            name="test-id"
            placeholder=""
            type="text"
          />
           
          <transition-stub
            name="uri-error"
          >
            <!---->
          </transition-stub>
           
        </div>
         
        <p>
          explanation 1
        </p>
        <p>
          explanation 2
        </p>
         
      </div>
    </div>
  </div>
</div>
`;
